            got: true
       (compared using ==)
       +true
       -false
       @@ -1 +1 @@
       Diff:
       expected: false
     # ./lib/rspec/abq/extensions.rb:0:in `run_specs'
     # ./lib/rspec/abq/extensions.rb:0:in `block in run_specs'
     # ./lib/rspec/abq/extensions.rb:0:in `block (2 levels) in run_specs'
     # ./lib/rspec/abq/extensions.rb:0:in `block (3 levels) in run_specs'
     # ./lib/rspec/abq/extensions.rb:0:in `map'
     # ./lib/rspec/abq/extensions.rb:0:in `each'
     # ./lib/rspec/abq/extensions.rb:0:in `run_examples_with_abq'
     # ./lib/rspec/abq/extensions.rb:0:in `block in run_examples_with_abq'
     # ./lib/rspec/abq/extensions.rb:0:in `run_with_abq'
     # ./spec/fixture_specs/spec_that_sets_up_random_seed.rb:0:in `block (2 levels) in <top (required)>'
     # ./spec/spec_helper.rb:0:in `block (2 levels) in <top (required)>'
     # No reason given
     Failure/Error: expect(true).to eq(false)
  0) random ordering is pended
  is pended (PENDING: No reason given)
  passes
2 examples, 0 failures, 1 pending
Finished in 0.0 seconds (files took 0.0 seconds to load)
Pending: (Failures listed here are expected and do not affect your suite's status)
Randomized with seed this-is-not-random
Randomized with seed this-is-not-random
random ordering
