
a failing group
  has a failing test (FAILED - 1)

Failures:

  1) a failing group has a failing test
     Failure/Error: expect(false).to eq(true)

       expected: true
            got: false

       (compared using ==)
     # ./spec/fixture_specs/failing_specs.rb:0:in `block (2 levels) in <top (required)>'
     # ./spec/spec_helper.rb:0:in `block (2 levels) in <top (required)>'
     # ./lib/rspec/abq/extensions.rb:0:in `block in run_examples_with_abq'
     # ./lib/rspec/abq/extensions.rb:0:in `each'
     # ./lib/rspec/abq/extensions.rb:0:in `run_examples_with_abq'
     # ./lib/rspec/abq/extensions.rb:0:in `run_with_abq'
     # ./lib/rspec/abq/extensions.rb:0:in `block (3 levels) in run_specs'
     # ./lib/rspec/abq/extensions.rb:0:in `map'
     # ./lib/rspec/abq/extensions.rb:0:in `block (2 levels) in run_specs'
     # ./lib/rspec/abq/extensions.rb:0:in `block in run_specs'
     # ./lib/rspec/abq/extensions.rb:0:in `run_specs'

Finished in 0.0 seconds (files took 0.0 seconds to load)
1 example, 1 failure

Failed examples:

rspec ./spec/fixture_specs/failing_specs.rb:0 # a failing group has a failing test

