Started test run with ID not-the-real-test-run-id
.EEEFPSS
--- [worker not-a-real-worker-id] BEFORE a failing group has a failing test ---
----- STDERR
--- a failing group has a failing test: FAILED ---
  1) a failing group has a failing test
     [31mFailure/Error: [0m[32mexpect[0m([1;36mfalse[0m).to eq([1;36mtrue[0m)[0m
     [31m[0m
     [31m  expected: true[0m
     [31m       got: false[0m
     [31m[0m
     [31m  (compared using ==)[0m
     [36m# ./spec/fixture_specs/failing_specs.rb:0:in `block (2 levels) in <top (required)>'[0m
     [36m# ./spec/spec_helper.rb:0:in `block (2 levels) in <top (required)>'[0m
     [36m# ./lib/rspec/abq/extensions.rb:0:in `block in run_examples_with_abq'[0m
     [36m# ./lib/rspec/abq/extensions.rb:0:in `each'[0m
     [36m# ./lib/rspec/abq/extensions.rb:0:in `run_examples_with_abq'[0m
     [36m# ./lib/rspec/abq/extensions.rb:0:in `run_with_abq'[0m
     [36m# ./lib/rspec/abq/extensions.rb:0:in `block (3 levels) in run_specs'[0m
     [36m# ./lib/rspec/abq/extensions.rb:0:in `map'[0m
     [36m# ./lib/rspec/abq/extensions.rb:0:in `block (2 levels) in run_specs'[0m
     [36m# ./lib/rspec/abq/extensions.rb:0:in `block in run_specs'[0m
     [36m# ./lib/rspec/abq/extensions.rb:0:in `run_specs'[0m
(completed in 0 ms; worker [not-a-real-worker-id])
--- a raising group has a raising test: ERRORED ---
  1) a raising group has a raising test
     [31mFailure/Error: [0mraise [31m[1;31m'[0m[31mthe roof[1;31m'[0m[31m[0m[0m
     [31m[0m
     [31mRuntimeError:[0m
     [31m  the roof[0m
     [36m# ./spec/fixture_specs/raising_specs.rb:0:in `block (2 levels) in <top (required)>'[0m
     [36m# ./spec/spec_helper.rb:0:in `block (2 levels) in <top (required)>'[0m
     [36m# ./lib/rspec/abq/extensions.rb:0:in `block in run_examples_with_abq'[0m
     [36m# ./lib/rspec/abq/extensions.rb:0:in `each'[0m
     [36m# ./lib/rspec/abq/extensions.rb:0:in `run_examples_with_abq'[0m
     [36m# ./lib/rspec/abq/extensions.rb:0:in `run_with_abq'[0m
     [36m# ./lib/rspec/abq/extensions.rb:0:in `block (3 levels) in run_specs'[0m
     [36m# ./lib/rspec/abq/extensions.rb:0:in `map'[0m
     [36m# ./lib/rspec/abq/extensions.rb:0:in `block (2 levels) in run_specs'[0m
     [36m# ./lib/rspec/abq/extensions.rb:0:in `block in run_specs'[0m
     [36m# ./lib/rspec/abq/extensions.rb:0:in `run_specs'[0m
(completed in 0 ms; worker [not-a-real-worker-id])
--- a raising group it can handle an exception in a before all hook should fail: ERRORED ---
  1) a raising group it can handle an exception in a before all hook should fail
     [31mFailure/Error: [0mraise [31m[1;31m"[0m[31mraising from before(:all)[1;31m"[0m[31m[0m[0m
     [31m[0m
     [31mRuntimeError:[0m
     [31m  raising from before(:all)[0m
     [36m# ./spec/fixture_specs/raising_specs.rb:0:in `block (3 levels) in <top (required)>'[0m
     [36m# ./lib/rspec/abq/extensions.rb:0:in `run_with_abq'[0m
     [36m# ./lib/rspec/abq/extensions.rb:0:in `block in run_with_abq'[0m
     [36m# ./lib/rspec/abq/extensions.rb:0:in `map'[0m
     [36m# ./lib/rspec/abq/extensions.rb:0:in `run_with_abq'[0m
     [36m# ./lib/rspec/abq/extensions.rb:0:in `block (3 levels) in run_specs'[0m
     [36m# ./lib/rspec/abq/extensions.rb:0:in `map'[0m
     [36m# ./lib/rspec/abq/extensions.rb:0:in `block (2 levels) in run_specs'[0m
     [36m# ./lib/rspec/abq/extensions.rb:0:in `block in run_specs'[0m
     [36m# ./lib/rspec/abq/extensions.rb:0:in `run_specs'[0m
(completed in 0 ms; worker [not-a-real-worker-id])
--- a raising group it can handle an exception in a before all hook should also fail: ERRORED ---
  1) a raising group it can handle an exception in a before all hook should also fail
     [31mFailure/Error: [0mraise [31m[1;31m"[0m[31mraising from before(:all)[1;31m"[0m[31m[0m[0m
     [31m[0m
     [31mRuntimeError:[0m
     [31m  raising from before(:all)[0m
     [36m# ./spec/fixture_specs/raising_specs.rb:0:in `block (3 levels) in <top (required)>'[0m
     [36m# ./lib/rspec/abq/extensions.rb:0:in `run_with_abq'[0m
     [36m# ./lib/rspec/abq/extensions.rb:0:in `block in run_with_abq'[0m
     [36m# ./lib/rspec/abq/extensions.rb:0:in `map'[0m
     [36m# ./lib/rspec/abq/extensions.rb:0:in `run_with_abq'[0m
     [36m# ./lib/rspec/abq/extensions.rb:0:in `block (3 levels) in run_specs'[0m
     [36m# ./lib/rspec/abq/extensions.rb:0:in `map'[0m
     [36m# ./lib/rspec/abq/extensions.rb:0:in `block (2 levels) in run_specs'[0m
     [36m# ./lib/rspec/abq/extensions.rb:0:in `block in run_specs'[0m
     [36m# ./lib/rspec/abq/extensions.rb:0:in `run_specs'[0m
(completed in 0 ms; worker [not-a-real-worker-id])
--- [worker not-a-real-worker-id] MANIFEST GENERATION ---
----- STDOUT
exit status: 0
----- STDERR
--- [worker not-a-real-worker-id] AFTER completion ---
----- STDOUT
exit status: 1
Finished in 0.00 seconds (0.00 seconds spent in test code)
8 tests, 4 failures