Starting test run with ID not-the-real-test-run-id
EE

--- a spec with capybara can succeed: ERRORED ---

  1) a spec with capybara can succeed
     Failure/Error: require 'webrick'

     LoadError:
       cannot load such file -- webrick

(completed in 0 ms)

--- a spec with capybara can fail: ERRORED ---

  1) a spec with capybara can fail
     Failure/Error: require 'webrick'

     LoadError:
       cannot load such file -- webrick

(completed in 0 ms)


Finished in 0.00 seconds (0.00 seconds spent in test code)
2 tests, 2 failures
