            got: false
       (compared using ==)
       expected: true
     # ./lib/rspec/abq/extensions.rb:0:in `run_specs'
     # ./lib/rspec/abq/extensions.rb:0:in `block in run_specs'
     # ./lib/rspec/abq/extensions.rb:0:in `block (2 levels) in run_specs'
     # ./lib/rspec/abq/extensions.rb:0:in `block (3 levels) in run_specs'
     # ./lib/rspec/abq/extensions.rb:0:in `map'
     # ./lib/rspec/abq/extensions.rb:0:in `each'
     # ./lib/rspec/abq/extensions.rb:0:in `run_examples_with_abq'
     # ./lib/rspec/abq/extensions.rb:0:in `block in run_examples_with_abq'
     # ./lib/rspec/abq/extensions.rb:0:in `run_with_abq'
     # ./spec/fixture_specs/pending_specs.rb:0:in `block (2 levels) in <top (required)>'
     # ./spec/fixture_specs/pending_specs.rb:0
     # ./spec/fixture_specs/pending_specs.rb:0
     # ./spec/spec_helper.rb:0:in `block (2 levels) in <top (required)>'
     # No reason given
     # Temporarily skipped with xdescribe
     # Temporarily skipped with xit
     Failure/Error: expect(false).to eq(true)
    is pending despite not being marked as pending (PENDING: Temporarily skipped with xdescribe)
  0) a pending group has a pending group is pending despite not being marked as pending
  0) a pending group has a pending test with pending
  0) a pending group has a pending test with xit
  has a pending group
  has a pending test with pending (PENDING: No reason given)
  has a pending test with xit (PENDING: Temporarily skipped with xit)
  has a successful test
4 examples, 0 failures, 3 pending
Finished in 0.0 seconds (files took 0.0 seconds to load)
Pending: (Failures listed here are expected and do not affect your suite's status)
Randomized with seed this-is-not-random
Randomized with seed this-is-not-random
a pending group
a successful group
