{
  "manifest" => {
    "init_meta" => {
      "ordering" => "random",
          "seed" => 2
    },
      "members" => [
      [0] {
           "type" => "group",
           "name" => "./spec/fixture_specs/for_manifest/two_specs.rb[1]",
           "tags" => [],
           "meta" => {},
        "members" => [
          [0] {
            "type" => "test",
              "id" => "./spec/fixture_specs/for_manifest/two_specs.rb[1:2]",
            "tags" => [],
            "meta" => {}
          },
          [1] {
               "type" => "group",
               "name" => "./spec/fixture_specs/for_manifest/two_specs.rb[1:3]",
               "tags" => [],
               "meta" => {
              "skip" => "Temporarily skipped with xdescribe"
            },
            "members" => [
              [0] {
                "type" => "test",
                  "id" => "./spec/fixture_specs/for_manifest/two_specs.rb[1:3:2]",
                "tags" => [],
                "meta" => {
                  "skip" => "Temporarily skipped with xdescribe"
                }
              },
              [1] {
                "type" => "test",
                  "id" => "./spec/fixture_specs/for_manifest/two_specs.rb[1:3:1]",
                "tags" => [],
                "meta" => {
                  "skip" => "Temporarily skipped with xdescribe"
                }
              }
            ]
          }
        ]
      },
      [1] {
           "type" => "group",
           "name" => "./spec/fixture_specs/for_manifest/one_specs.rb[1]",
           "tags" => [],
           "meta" => {},
        "members" => [
          [0] {
            "type" => "test",
              "id" => "./spec/fixture_specs/for_manifest/one_specs.rb[1:2]",
            "tags" => [
              [0] "foo"
            ],
            "meta" => {
              "bar" => 5
            }
          },
          [1] {
            "type" => "test",
              "id" => "./spec/fixture_specs/for_manifest/one_specs.rb[1:1]",
            "tags" => [
              [0] "bar",
              [1] "foo"
            ],
            "meta" => {}
          },
          [2] {
               "type" => "group",
               "name" => "./spec/fixture_specs/for_manifest/one_specs.rb[1:3]",
               "tags" => [
              [0] "foo"
            ],
               "meta" => {},
            "members" => [
              [0] {
                "type" => "test",
                  "id" => "./spec/fixture_specs/for_manifest/one_specs.rb[1:3:2]",
                "tags" => [
                  [0] "foo"
                ],
                "meta" => {}
              },
              [1] {
                "type" => "test",
                  "id" => "./spec/fixture_specs/for_manifest/one_specs.rb[1:3:1]",
                "tags" => [
                  [0] "foo"
                ],
                "meta" => {
                  "skip" => "Temporarily skipped with xit"
                }
              }
            ]
          }
        ]
      }
    ]
  }
}