Error: The command

    bundle exec rspec spec/fixture_specs/spec_that_sets_up_random_seed.rb

failed to be run by all ABQ workers associating to this test run.

Here's a message we found concerning the failure:

Worker quit before sending protocol version

HELP: Test commands run by ABQ must have support for the ABQ protocol.
