  has a pending group
0 examples, 0 failures
0 examples, 0 failures
Finished in 0.0 seconds (files took 0.0 seconds to load)
Finished in 0.0 seconds (files took 0.0 seconds to load)
Randomized with seed this-is-not-random
Randomized with seed this-is-not-random
Randomized with seed this-is-not-random
Randomized with seed this-is-not-random
a pending group
a successful group
